[2026-07-31T21:58:02.970Z] INFO: User registered successfully: test (user_id=1)
[2026-07-31T21:58:19.311Z] ERROR: Registration failed: name already claimed (test)
[2026-07-31T21:59:14.954Z] ERROR: Registration failed: name already claimed (test)
[2026-07-31T21:59:47.250Z] ERROR: Registration failed: name already claimed (test)
[2026-07-31T22:10:54.845Z] ERROR: Registration failed: name already claimed (test)
[2026-07-31T22:10:58.050Z] ERROR: Registration failed: name already claimed (test)
[2026-07-31T22:11:05.910Z] INFO: User registered successfully: test2 (user_id=2)
[2026-07-31T22:11:05.914Z] ERROR: /api/names failed: no such column: ud.color
[2026-07-31T22:11:19.974Z] INFO: User registered successfully: test3 (user_id=3)
[2026-07-31T22:11:19.978Z] ERROR: /api/names failed: no such column: ud.color
[2026-07-31T22:11:51.558Z] ERROR: /api/names failed: no such column: ud.color
[2026-07-31T22:13:10.269Z] ERROR: Registration failed: name already claimed (test)
[2026-07-31T22:13:14.735Z] INFO: User registered successfully: test4 (user_id=4)
[2026-07-31T22:15:45.352Z] INFO: User registered successfully: test5 (user_id=5)
[2026-07-31T22:33:05.586Z] INFO: Successful logon of user test, issued cookie.
[2026-07-31T22:43:17.817Z] INFO: User registered successfully: jolenta (user_id=6)
[2026-07-31T22:43:17.865Z] INFO: Successful logon of user jolenta, issued cookie.
[2026-07-31T22:53:36.038Z] INFO: Successful logon of user test, issued cookie.
[2026-07-31T22:55:46.511Z] INFO: Successful logon of user test, issued cookie.
[2026-07-31T22:58:14.632Z] INFO: Successful logon of user test, issued cookie.
[2026-07-31T22:59:04.356Z] INFO: Successful logon of user test, issued cookie.
